2026-08-28 13:13:06,186 [INFO] Chưa có data → fetch 90 ngày: 2026-05-30 → 2026-08-27
2026-08-28 13:13:06,721 [INFO] Failed to extract font properties from /usr/share/fonts/truetype/noto/NotoColorEmoji.ttf: Non-scalable fonts are not supported
2026-08-28 13:13:06,769 [INFO] generated new fontManager
2026-08-28 13:13:09,569 [INFO] Device registered: a1691119d2049e96ca73e5b8469e5a77 (version 0.0.1)
2026-08-28 13:13:15,689 [INFO] VCB: ✓ 64 dòng
2026-08-28 13:13:19,511 [INFO] VIC: ✓ 64 dòng
2026-08-28 13:13:22,956 [INFO] VHM: ✓ 64 dòng
2026-08-28 13:13:25,883 [INFO] HPG: ✓ 64 dòng
2026-08-28 13:13:29,195 [INFO] TCB: ✓ 64 dòng
2026-08-28 13:13:32,539 [INFO] MBB: ✓ 64 dòng
2026-08-28 13:13:36,498 [INFO] VNM: ✓ 64 dòng
2026-08-28 13:13:40,193 [INFO] FPT: ✓ 64 dòng
2026-08-28 13:13:44,183 [INFO] MSN: ✓ 64 dòng
2026-08-28 13:13:48,099 [INFO] BID: ✓ 64 dòng
2026-08-28 13:13:48,099 [INFO] === Xong: 10/10 tickers | 640 dòng mới ===
2026-08-31 11:06:01,277 [INFO] Fetch từ 2026-08-28 → 2026-08-30
2026-08-31 11:06:01,526 [INFO] Failed to extract font properties from /usr/share/fonts/truetype/noto/NotoColorEmoji.ttf: Non-scalable fonts are not supported
2026-08-31 11:06:01,575 [INFO] generated new fontManager
2026-08-31 11:06:04,472 [INFO] Device registered: a1691119d2049e96ca73e5b8469e5a77 (version 0.0.1)
2026-08-31 11:06:10,355 [INFO] VCB: ✓ 1 dòng
2026-08-31 11:06:13,958 [INFO] VIC: ✓ 1 dòng
2026-08-31 11:06:17,387 [INFO] VHM: ✓ 1 dòng
2026-08-31 11:06:20,515 [INFO] HPG: ✓ 1 dòng
2026-08-31 11:06:23,997 [INFO] TCB: ✓ 1 dòng
2026-08-31 11:06:27,128 [INFO] MBB: ✓ 1 dòng
2026-08-31 11:06:30,032 [INFO] VNM: ✓ 1 dòng
2026-08-31 11:06:34,419 [INFO] FPT: ✓ 1 dòng
2026-08-31 11:06:39,944 [INFO] MSN: ✓ 1 dòng
2026-08-31 11:06:43,055 [INFO] BID: ✓ 1 dòng
2026-08-31 11:06:43,055 [INFO] === Xong: 10/10 tickers | 10 dòng mới ===
2026-09-01 11:10:29,088 [INFO] Fetch từ 2026-08-29 → 2026-08-31
2026-09-01 11:10:30,942 [INFO] Failed to extract font properties from /usr/share/fonts/truetype/noto/NotoColorEmoji.ttf: Non-scalable fonts are not supported
2026-09-01 11:10:31,054 [INFO] generated new fontManager
2026-09-01 11:10:33,402 [INFO] Device registered: a1691119d2049e96ca73e5b8469e5a77 (version 0.0.1)
2026-09-01 11:10:38,808 [WARNING] VCB: Không có data trong khoảng này
2026-09-01 11:10:42,453 [WARNING] VIC: Không có data trong khoảng này
2026-09-01 11:10:46,210 [WARNING] VHM: Không có data trong khoảng này
2026-09-01 11:10:49,113 [WARNING] HPG: Không có data trong khoảng này
2026-09-01 11:10:52,089 [WARNING] TCB: Không có data trong khoảng này
2026-09-01 11:10:54,928 [WARNING] MBB: Không có data trong khoảng này
2026-09-01 11:10:57,662 [WARNING] VNM: Không có data trong khoảng này
2026-09-01 11:11:00,443 [WARNING] FPT: Không có data trong khoảng này
2026-09-01 11:11:03,532 [WARNING] MSN: Không có data trong khoảng này
2026-09-01 11:11:06,339 [WARNING] BID: Không có data trong khoảng này
2026-09-01 11:11:06,339 [INFO] === Xong: 0/10 tickers | 0 dòng mới ===
2026-09-02 11:10:27,915 [INFO] Fetch từ 2026-08-29 → 2026-09-01
2026-09-02 11:10:28,300 [INFO] Failed to extract font properties from /usr/share/fonts/truetype/noto/NotoColorEmoji.ttf: Non-scalable fonts are not supported
2026-09-02 11:10:28,382 [INFO] generated new fontManager
2026-09-02 11:10:31,435 [INFO] Device registered: a1691119d2049e96ca73e5b8469e5a77 (version 0.0.1)
2026-09-02 11:10:38,832 [WARNING] VCB: Không có data trong khoảng này
2026-09-02 11:10:42,748 [WARNING] VIC: Không có data trong khoảng này
2026-09-02 11:10:46,411 [WARNING] VHM: Không có data trong khoảng này
2026-09-02 11:10:50,516 [WARNING] HPG: Không có data trong khoảng này
2026-09-02 11:10:54,270 [WARNING] TCB: Không có data trong khoảng này
2026-09-02 11:10:58,344 [WARNING] MBB: Không có data trong khoảng này
2026-09-02 11:11:02,417 [WARNING] VNM: Không có data trong khoảng này
2026-09-02 11:11:06,484 [WARNING] FPT: Không có data trong khoảng này
2026-09-02 11:11:11,345 [WARNING] MSN: Không có data trong khoảng này
2026-09-02 11:11:15,606 [WARNING] BID: Không có data trong khoảng này
2026-09-02 11:11:15,606 [INFO] === Xong: 0/10 tickers | 0 dòng mới ===
2026-09-03 11:10:59,812 [INFO] Fetch từ 2026-08-29 → 2026-09-02
2026-09-03 11:11:00,271 [INFO] Failed to extract font properties from /usr/share/fonts/truetype/noto/NotoColorEmoji.ttf: Non-scalable fonts are not supported
2026-09-03 11:11:00,283 [INFO] generated new fontManager
2026-09-03 11:11:02,512 [INFO] Device registered: 73771c5ea2a9dbf45599cbbbd498368f (version 0.0.1)
2026-09-03 11:11:07,303 [WARNING] VCB: Không có data trong khoảng này
2026-09-03 11:11:10,552 [WARNING] VIC: Không có data trong khoảng này
2026-09-03 11:11:13,830 [WARNING] VHM: Không có data trong khoảng này
2026-09-03 11:11:16,234 [WARNING] HPG: Không có data trong khoảng này
2026-09-03 11:11:18,921 [WARNING] TCB: Không có data trong khoảng này
2026-09-03 11:11:22,244 [WARNING] MBB: Không có data trong khoảng này
2026-09-03 11:11:24,962 [WARNING] VNM: Không có data trong khoảng này
2026-09-03 11:11:27,899 [WARNING] FPT: Không có data trong khoảng này
2026-09-03 11:11:30,527 [WARNING] MSN: Không có data trong khoảng này
2026-09-03 11:11:34,110 [WARNING] BID: Không có data trong khoảng này
2026-09-03 11:11:34,110 [INFO] === Xong: 0/10 tickers | 0 dòng mới ===
2026-09-04 11:10:47,358 [INFO] Fetch từ 2026-08-29 → 2026-09-03
2026-09-04 11:10:47,940 [INFO] Failed to extract font properties from /usr/share/fonts/truetype/noto/NotoColorEmoji.ttf: Non-scalable fonts are not supported
2026-09-04 11:10:48,081 [INFO] generated new fontManager
2026-09-04 11:10:50,453 [INFO] Device registered: 73771c5ea2a9dbf45599cbbbd498368f (version 0.0.1)
2026-09-04 11:10:55,159 [INFO] VCB: ✓ 1 dòng
2026-09-04 11:10:58,708 [INFO] VIC: ✓ 1 dòng
2026-09-04 11:11:01,512 [INFO] VHM: ✓ 1 dòng
2026-09-04 11:11:04,725 [INFO] HPG: ✓ 1 dòng
2026-09-04 11:11:07,048 [INFO] TCB: ✓ 1 dòng
2026-09-04 11:11:09,700 [INFO] MBB: ✓ 1 dòng
2026-09-04 11:11:12,058 [INFO] VNM: ✓ 1 dòng
2026-09-04 11:11:14,705 [INFO] FPT: ✓ 1 dòng
2026-09-04 11:11:17,028 [INFO] MSN: ✓ 1 dòng
2026-09-04 11:11:19,561 [INFO] BID: ✓ 1 dòng
2026-09-04 11:11:19,561 [INFO] === Xong: 10/10 tickers | 10 dòng mới ===
2026-09-07 11:11:22,111 [INFO] Fetch từ 2026-09-04 → 2026-09-06
2026-09-07 11:11:22,571 [INFO] Failed to extract font properties from /usr/share/fonts/truetype/noto/NotoColorEmoji.ttf: Non-scalable fonts are not supported
2026-09-07 11:11:22,665 [INFO] generated new fontManager
2026-09-07 11:11:25,596 [INFO] Device registered: 73771c5ea2a9dbf45599cbbbd498368f (version 0.0.1)
2026-09-07 11:11:32,085 [INFO] VCB: ✓ 1 dòng
2026-09-07 11:11:36,528 [INFO] VIC: ✓ 1 dòng
2026-09-07 11:11:40,720 [INFO] VHM: ✓ 1 dòng
2026-09-07 11:11:45,208 [INFO] HPG: ✓ 1 dòng
2026-09-07 11:11:49,832 [INFO] TCB: ✓ 1 dòng
2026-09-07 11:11:53,544 [INFO] MBB: ✓ 1 dòng
2026-09-07 11:11:57,505 [INFO] VNM: ✓ 1 dòng
2026-09-07 11:12:01,752 [INFO] FPT: ✓ 1 dòng
2026-09-07 11:12:04,938 [INFO] MSN: ✓ 1 dòng
2026-09-07 11:12:09,448 [INFO] BID: ✓ 1 dòng
2026-09-07 11:12:09,448 [INFO] === Xong: 10/10 tickers | 10 dòng mới ===
2026-09-08 14:55:27,624 [INFO] Fetch từ 2026-09-05 → 2026-09-07
2026-09-08 14:55:29,560 [INFO] Failed to extract font properties from /usr/share/fonts/truetype/noto/NotoColorEmoji.ttf: Non-scalable fonts are not supported
2026-09-08 14:55:31,599 [INFO] generated new fontManager
2026-09-08 14:55:34,272 [INFO] Device registered: 9990f92d03594fdcf5aeb9cbcf71abcb (version 0.0.1)
2026-09-08 14:55:44,287 [INFO] VCB: ✓ 1 dòng
2026-09-08 14:55:48,246 [INFO] VIC: ✓ 1 dòng
2026-09-08 14:55:51,285 [INFO] VHM: ✓ 1 dòng
2026-09-08 14:55:53,825 [INFO] HPG: ✓ 1 dòng
2026-09-08 14:55:56,688 [INFO] TCB: ✓ 1 dòng
2026-09-08 14:55:59,580 [INFO] MBB: ✓ 1 dòng
2026-09-08 14:56:02,121 [INFO] VNM: ✓ 1 dòng
2026-09-08 14:56:05,700 [INFO] FPT: ✓ 1 dòng
2026-09-08 14:56:08,568 [INFO] MSN: ✓ 1 dòng
2026-09-08 14:56:11,967 [INFO] BID: ✓ 1 dòng
2026-09-08 14:56:11,967 [INFO] === Xong: 10/10 tickers | 10 dòng mới ===
2026-09-09 15:01:29,652 [INFO] Fetch từ 2026-09-08 → 2026-09-08
2026-09-09 15:01:30,799 [INFO] Failed to extract font properties from /usr/share/fonts/truetype/noto/NotoColorEmoji.ttf: Non-scalable fonts are not supported
2026-09-09 15:01:30,850 [INFO] generated new fontManager
2026-09-09 15:01:33,789 [INFO] Device registered: 9990f92d03594fdcf5aeb9cbcf71abcb (version 0.0.1)
2026-09-09 15:01:40,904 [INFO] VCB: ✓ 1 dòng
2026-09-09 15:01:44,871 [INFO] VIC: ✓ 1 dòng
2026-09-09 15:01:49,127 [INFO] VHM: ✓ 1 dòng
2026-09-09 15:01:53,122 [INFO] HPG: ✓ 1 dòng
2026-09-09 15:01:56,288 [INFO] TCB: ✓ 1 dòng
2026-09-09 15:02:00,612 [INFO] MBB: ✓ 1 dòng
2026-09-09 15:02:05,611 [INFO] VNM: ✓ 1 dòng
2026-09-09 15:02:10,333 [INFO] FPT: ✓ 1 dòng
2026-09-09 15:02:15,113 [INFO] MSN: ✓ 1 dòng
2026-09-09 15:02:19,778 [INFO] BID: ✓ 1 dòng
2026-09-09 15:02:19,778 [INFO] === Xong: 10/10 tickers | 10 dòng mới ===
2026-09-10 14:51:40,490 [INFO] Fetch từ 2026-09-09 → 2026-09-09
2026-09-10 14:51:41,318 [INFO] Failed to extract font properties from /usr/share/fonts/truetype/noto/NotoColorEmoji.ttf: Non-scalable fonts are not supported
2026-09-10 14:51:41,840 [INFO] generated new fontManager
2026-09-10 14:51:44,848 [INFO] Device registered: 9990f92d03594fdcf5aeb9cbcf71abcb (version 0.0.1)
2026-09-10 14:51:51,745 [INFO] VCB: ✓ 1 dòng
2026-09-10 14:51:55,722 [INFO] VIC: ✓ 1 dòng
2026-09-10 14:51:59,697 [INFO] VHM: ✓ 1 dòng
2026-09-10 14:52:03,247 [INFO] HPG: ✓ 1 dòng
2026-09-10 14:52:07,053 [INFO] TCB: ✓ 1 dòng
2026-09-10 14:52:11,276 [INFO] MBB: ✓ 1 dòng
2026-09-10 14:52:16,330 [INFO] VNM: ✓ 1 dòng
2026-09-10 14:52:20,609 [INFO] FPT: ✓ 1 dòng
2026-09-10 14:52:26,891 [INFO] MSN: ✓ 1 dòng
2026-09-10 14:52:30,745 [INFO] BID: ✓ 1 dòng
2026-09-10 14:52:30,745 [INFO] === Xong: 10/10 tickers | 10 dòng mới ===
2026-09-11 14:51:00,966 [INFO] Fetch từ 2026-09-10 → 2026-09-10
2026-09-11 14:51:02,184 [INFO] Failed to extract font properties from /usr/share/fonts/truetype/noto/NotoColorEmoji.ttf: Non-scalable fonts are not supported
2026-09-11 14:51:02,572 [INFO] generated new fontManager
2026-09-11 14:51:04,944 [INFO] Device registered: 9990f92d03594fdcf5aeb9cbcf71abcb (version 0.0.1)
2026-09-11 14:51:09,569 [INFO] VCB: ✓ 1 dòng
2026-09-11 14:51:12,913 [INFO] VIC: ✓ 1 dòng
2026-09-11 14:51:15,706 [INFO] VHM: ✓ 1 dòng
2026-09-11 14:51:18,293 [INFO] HPG: ✓ 1 dòng
2026-09-11 14:51:21,325 [INFO] TCB: ✓ 1 dòng
2026-09-11 14:51:23,985 [INFO] MBB: ✓ 1 dòng
2026-09-11 14:51:26,668 [INFO] VNM: ✓ 1 dòng
2026-09-11 14:51:29,394 [INFO] FPT: ✓ 1 dòng
2026-09-11 14:51:32,263 [INFO] MSN: ✓ 1 dòng
2026-09-11 14:51:34,791 [INFO] BID: ✓ 1 dòng
2026-09-11 14:51:34,791 [INFO] === Xong: 10/10 tickers | 10 dòng mới ===
2026-09-14 16:47:58,920 [INFO] Fetch từ 2026-09-11 → 2026-09-13
2026-09-14 16:47:59,193 [INFO] Failed to extract font properties from /usr/share/fonts/truetype/noto/NotoColorEmoji.ttf: Non-scalable fonts are not supported
2026-09-14 16:47:59,207 [INFO] generated new fontManager
2026-09-14 16:48:01,669 [INFO] Device registered: 9990f92d03594fdcf5aeb9cbcf71abcb (version 0.0.1)
2026-09-14 16:48:06,289 [INFO] VCB: ✓ 1 dòng
2026-09-14 16:48:09,436 [INFO] VIC: ✓ 1 dòng
2026-09-14 16:48:12,555 [INFO] VHM: ✓ 1 dòng
2026-09-14 16:48:15,382 [INFO] HPG: ✓ 1 dòng
2026-09-14 16:48:18,186 [INFO] TCB: ✓ 1 dòng
2026-09-14 16:48:21,298 [INFO] MBB: ✓ 1 dòng
2026-09-14 16:48:24,481 [INFO] VNM: ✓ 1 dòng
2026-09-14 16:48:27,610 [INFO] FPT: ✓ 1 dòng
2026-09-14 16:48:31,698 [INFO] MSN: ✓ 1 dòng
2026-09-14 16:48:35,250 [INFO] BID: ✓ 1 dòng
2026-09-14 16:48:35,250 [INFO] === Xong: 10/10 tickers | 10 dòng mới ===
2026-09-15 15:27:30,058 [INFO] Fetch từ 2026-09-12 → 2026-09-14
2026-09-15 15:27:30,588 [INFO] Failed to extract font properties from /usr/share/fonts/truetype/noto/NotoColorEmoji.ttf: Non-scalable fonts are not supported
2026-09-15 15:27:31,259 [INFO] generated new fontManager
2026-09-15 15:27:33,298 [INFO] Device registered: 9990f92d03594fdcf5aeb9cbcf71abcb (version 0.0.1)
2026-09-15 15:27:37,810 [INFO] VCB: ✓ 1 dòng
2026-09-15 15:27:40,621 [INFO] VIC: ✓ 1 dòng
2026-09-15 15:27:43,725 [INFO] VHM: ✓ 1 dòng
2026-09-15 15:27:46,564 [INFO] HPG: ✓ 1 dòng
2026-09-15 15:27:49,500 [INFO] TCB: ✓ 1 dòng
2026-09-15 15:27:52,298 [INFO] MBB: ✓ 1 dòng
2026-09-15 15:27:55,177 [INFO] VNM: ✓ 1 dòng
2026-09-15 15:27:57,871 [INFO] FPT: ✓ 1 dòng
2026-09-15 15:28:00,496 [INFO] MSN: ✓ 1 dòng
2026-09-15 15:28:03,081 [INFO] BID: ✓ 1 dòng
2026-09-15 15:28:03,081 [INFO] === Xong: 10/10 tickers | 10 dòng mới ===
2026-09-16 15:20:31,033 [INFO] Fetch từ 2026-09-15 → 2026-09-15
2026-09-16 15:20:32,764 [INFO] Failed to extract font properties from /usr/share/fonts/truetype/noto/NotoColorEmoji.ttf: Non-scalable fonts are not supported
2026-09-16 15:20:32,942 [INFO] generated new fontManager
2026-09-16 15:20:35,285 [INFO] Device registered: 9990f92d03594fdcf5aeb9cbcf71abcb (version 0.0.1)
2026-09-16 15:20:40,447 [INFO] VCB: ✓ 1 dòng
2026-09-16 15:20:43,765 [INFO] VIC: ✓ 1 dòng
2026-09-16 15:20:46,460 [INFO] VHM: ✓ 1 dòng
2026-09-16 15:20:49,471 [INFO] HPG: ✓ 1 dòng
2026-09-16 15:20:52,355 [INFO] TCB: ✓ 1 dòng
2026-09-16 15:20:55,018 [INFO] MBB: ✓ 1 dòng
2026-09-16 15:20:57,530 [INFO] VNM: ✓ 1 dòng
2026-09-16 15:21:00,138 [INFO] FPT: ✓ 1 dòng
2026-09-16 15:21:02,647 [INFO] MSN: ✓ 1 dòng
2026-09-16 15:21:05,912 [INFO] BID: ✓ 1 dòng
2026-09-16 15:21:05,912 [INFO] === Xong: 10/10 tickers | 10 dòng mới ===
2026-09-17 15:26:45,649 [INFO] Fetch từ 2026-09-16 → 2026-09-16
2026-09-17 15:26:46,096 [INFO] Failed to extract font properties from /usr/share/fonts/truetype/noto/NotoColorEmoji.ttf: Non-scalable fonts are not supported
2026-09-17 15:26:46,114 [INFO] generated new fontManager
2026-09-17 15:26:48,808 [INFO] Device registered: 9990f92d03594fdcf5aeb9cbcf71abcb (version 0.0.1)
2026-09-17 15:26:53,238 [INFO] VCB: ✓ 1 dòng
2026-09-17 15:26:57,544 [INFO] VIC: ✓ 1 dòng
2026-09-17 15:27:01,423 [INFO] VHM: ✓ 1 dòng
2026-09-17 15:27:04,985 [INFO] HPG: ✓ 1 dòng
2026-09-17 15:27:08,630 [INFO] TCB: ✓ 1 dòng
2026-09-17 15:27:12,115 [INFO] MBB: ✓ 1 dòng
2026-09-17 15:27:15,649 [INFO] VNM: ✓ 1 dòng
2026-09-17 15:27:20,118 [INFO] FPT: ✓ 1 dòng
2026-09-17 15:27:23,961 [INFO] MSN: ✓ 1 dòng
2026-09-17 15:27:28,121 [INFO] BID: ✓ 1 dòng
2026-09-17 15:27:28,122 [INFO] === Xong: 10/10 tickers | 10 dòng mới ===
